Compose now can delegate build to bake for better performances
Just set COMPOSE_BAKE=true
#0 building with "desktop-linux" instance using docker driver

#1 [wallet-postgres internal] load build definition from Dockerfile
#1 transferring dockerfile: 156B 0.0s done
#1 DONE 0.1s

#2 [wallet-rabbitmq internal] load build definition from Dockerfile
#2 transferring dockerfile: 77B 0.0s done
#2 DONE 0.1s

#3 [wallet-postgres internal] load metadata for docker.io/library/postgres:16-alpine
#3 DONE 0.0s

#4 [wallet-rabbitmq internal] load metadata for docker.io/library/rabbitmq:3.13-management-alpine
#4 DONE 0.0s

#5 [wallet-postgres internal] load .dockerignore
#5 transferring context: 2B done
#5 DONE 0.1s

#6 [wallet-rabbitmq internal] load .dockerignore
#6 transferring context: 2B done
#6 DONE 0.1s

#7 [wallet-postgres 1/2] FROM docker.io/library/postgres:16-alpine
#7 CACHED

#8 [wallet-rabbitmq 1/1] FROM docker.io/library/rabbitmq:3.13-management-alpine
#8 CACHED

#9 [wallet-rabbitmq] exporting to image
#9 exporting layers done
#9 writing image sha256:7e9162e634a8b0dfc87ad8806935d6011a3dbfe95b4805f93370dcc8fc4e615c 0.0s done
#9 naming to docker.io/local/wallet-rabbitmq:latest
#9 naming to docker.io/local/wallet-rabbitmq:latest 0.0s done
#9 DONE 0.0s

#10 [wallet-postgres internal] load build context
#10 transferring context: 74B 0.0s done
#10 DONE 0.1s

#11 [wallet-postgres 2/2] COPY init/*.sql /docker-entrypoint-initdb.d/
#11 DONE 0.2s

#12 [wallet-rabbitmq] resolving provenance for metadata file
#12 DONE 0.0s

#13 [wallet-postgres] exporting to image
#13 exporting layers 0.1s done
#13 writing image sha256:f61c4272cb0ae7bb81a07d03687eac9ba6c5979ccb3437ccb5583123585db03f 0.1s done
#13 naming to docker.io/local/wallet-postgres:latest 0.0s done
#13 DONE 0.2s

#14 [wallet-postgres] resolving provenance for metadata file
#14 DONE 0.0s

#15 [config-server internal] load build definition from Dockerfile
#15 transferring dockerfile: 182B done
#15 DONE 0.0s

#16 [config-server internal] load metadata for docker.io/library/eclipse-temurin:21-jre
#16 ...

#17 [config-server auth] library/eclipse-temurin:pull token for registry-1.docker.io
#17 DONE 0.0s

#16 [config-server internal] load metadata for docker.io/library/eclipse-temurin:21-jre
#16 DONE 2.4s

#18 [config-server internal] load .dockerignore
#18 transferring context: 2B done
#18 DONE 0.0s

#19 [config-server internal] load build context
#19 transferring context: 87B 0.0s done
#19 DONE 0.1s

#20 [config-server 1/3] FROM docker.io/library/eclipse-temurin:21-jre@sha256:9d4453b48613404e1fa6e5e7eabc687ea57edfb8a1ad413956c5168f84b66af9
#20 resolve docker.io/library/eclipse-temurin:21-jre@sha256:9d4453b48613404e1fa6e5e7eabc687ea57edfb8a1ad413956c5168f84b66af9
#20 resolve docker.io/library/eclipse-temurin:21-jre@sha256:9d4453b48613404e1fa6e5e7eabc687ea57edfb8a1ad413956c5168f84b66af9 0.1s done
#20 DONE 0.1s

#21 [config-server 2/3] WORKDIR /app
#21 CACHED

#22 [config-server 3/3] COPY target/*.jar app.jar
#22 DONE 0.9s

#23 [config-server] exporting to image
#23 exporting layers 0.2s done
#23 writing image sha256:4bab21025b5107b0c99dbeb71af9ccbbedacb1fca76685ce9c4d71dd77baa317 done
#23 naming to docker.io/local/config-server:latest 0.0s done
#23 DONE 0.3s

#24 [config-server] resolving provenance for metadata file
#24 DONE 0.0s

#25 [eureka-server internal] load build definition from Dockerfile
#25 transferring dockerfile: 182B done
#25 DONE 0.0s

#16 [eureka-server internal] load metadata for docker.io/library/eclipse-temurin:21-jre
#16 DONE 2.8s

#26 [eureka-server internal] load .dockerignore
#26 transferring context: 2B done
#26 DONE 0.0s

#27 [eureka-server internal] load build context
#27 transferring context: 87B 0.0s done
#27 DONE 0.0s

#20 [eureka-server 1/3] FROM docker.io/library/eclipse-temurin:21-jre@sha256:9d4453b48613404e1fa6e5e7eabc687ea57edfb8a1ad413956c5168f84b66af9
#20 resolve docker.io/library/eclipse-temurin:21-jre@sha256:9d4453b48613404e1fa6e5e7eabc687ea57edfb8a1ad413956c5168f84b66af9 0.1s done
#20 DONE 0.1s

#21 [eureka-server 2/3] WORKDIR /app
#21 CACHED

#28 [eureka-server 3/3] COPY target/*.jar app.jar
#28 DONE 0.6s

#29 [eureka-server] exporting to image
#29 exporting layers 0.2s done
#29 writing image sha256:0b4a7c22b528bc419aa22626747ae08bc1c0cf067d0b0c87d86be512d3d2e18c done
#29 naming to docker.io/local/eureka-server:latest 0.0s done
#29 DONE 0.3s

#30 [eureka-server] resolving provenance for metadata file
#30 DONE 0.0s

#31 [admin-service internal] load build definition from Dockerfile
#31 transferring dockerfile: 182B 0.0s done
#31 DONE 0.1s

#32 [integration-service internal] load build definition from Dockerfile
#32 transferring dockerfile: 193B 0.0s done
#32 DONE 0.1s

#33 [integration-service internal] load metadata for docker.io/library/eclipse-temurin:17-jre
#33 ...

#34 [notification-service internal] load build definition from Dockerfile
#34 transferring dockerfile: 193B 0.0s done
#34 DONE 0.2s

#35 [api-gateway internal] load build definition from Dockerfile
#35 transferring dockerfile: 182B 0.0s done
#35 DONE 0.3s

#33 [notification-service internal] load metadata for docker.io/library/eclipse-temurin:17-jre
#33 ...

#36 [wallet-service internal] load build definition from Dockerfile
#36 transferring dockerfile: 182B done
#36 DONE 0.2s

#37 [rewards-service internal] load build definition from Dockerfile
#37 transferring dockerfile: 182B done
#37 DONE 0.2s

#38 [user-kyc-service internal] load build definition from Dockerfile
#38 transferring dockerfile: 182B 0.0s done
#38 DONE 0.2s

#39 [auth-service internal] load build definition from Dockerfile
#39 transferring dockerfile: 182B done
#39 DONE 0.2s

#40 [transaction-service internal] load build definition from Dockerfile
#40 transferring dockerfile: 182B done
#40 DONE 0.2s

#16 [transaction-service internal] load metadata for docker.io/library/eclipse-temurin:21-jre
#16 DONE 3.3s

#41 [api-gateway internal] load .dockerignore
#41 transferring context: 2B done
#41 DONE 0.1s

#42 [rewards-service internal] load .dockerignore
#42 transferring context: 2B done
#42 DONE 0.2s

#43 [transaction-service internal] load .dockerignore
#43 transferring context: 2B done
#43 DONE 0.1s

#44 [user-kyc-service internal] load .dockerignore
#44 transferring context: 2B done
#44 DONE 0.1s

#45 [wallet-service internal] load .dockerignore
#45 transferring context: 2B done
#45 DONE 0.2s

#46 [user-kyc-service internal] load build context
#46 DONE 0.0s

#20 [rewards-service 1/3] FROM docker.io/library/eclipse-temurin:21-jre@sha256:9d4453b48613404e1fa6e5e7eabc687ea57edfb8a1ad413956c5168f84b66af9
#20 resolve docker.io/library/eclipse-temurin:21-jre@sha256:9d4453b48613404e1fa6e5e7eabc687ea57edfb8a1ad413956c5168f84b66af9 0.1s done
#20 DONE 0.2s

#47 [admin-service internal] load .dockerignore
#47 transferring context: 2B done
#47 DONE 0.2s

#48 [auth-service internal] load .dockerignore
#48 transferring context: 2B done
#48 DONE 0.2s

#21 [auth-service 2/3] WORKDIR /app
#21 CACHED

#49 [wallet-service internal] load build context
#49 ...

#20 [admin-service 1/3] FROM docker.io/library/eclipse-temurin:21-jre@sha256:9d4453b48613404e1fa6e5e7eabc687ea57edfb8a1ad413956c5168f84b66af9
#20 resolve docker.io/library/eclipse-temurin:21-jre@sha256:9d4453b48613404e1fa6e5e7eabc687ea57edfb8a1ad413956c5168f84b66af9 0.1s done
#20 DONE 0.2s

#21 [admin-service 2/3] WORKDIR /app
#21 CACHED

#50 [api-gateway internal] load build context
#50 transferring context: 85B 0.0s done
#50 DONE 0.2s

#46 [user-kyc-service internal] load build context
#46 transferring context: 90B 0.0s done
#46 DONE 0.2s

#49 [wallet-service internal] load build context
#49 transferring context: 88B 0.0s done
#49 ...

#51 [transaction-service internal] load build context
#51 transferring context: 93B 0.0s done
#51 DONE 0.2s

#52 [rewards-service internal] load build context
#52 transferring context: 89B 0.0s done
#52 DONE 0.2s

#49 [wallet-service internal] load build context
#49 DONE 0.2s

#53 [auth-service internal] load build context
#53 transferring context: 86B 0.0s done
#53 DONE 0.3s

#54 [wallet-service 3/3] COPY target/*.jar app.jar
#54 ...

#55 [admin-service internal] load build context
#55 transferring context: 87B 0.0s done
#55 DONE 0.3s

#33 [notification-service internal] load metadata for docker.io/library/eclipse-temurin:17-jre
#33 DONE 1.3s

#56 [notification-service internal] load .dockerignore
#56 transferring context: 2B done
#56 DONE 0.1s

#57 [integration-service internal] load .dockerignore
#57 transferring context: 2B done
#57 DONE 0.1s

#58 [integration-service 1/3] FROM docker.io/library/eclipse-temurin:17-jre@sha256:ff10c54cd455c944bd10528393462c02e487dfdef00b779777d59c6cf31d91cf
#58 resolve docker.io/library/eclipse-temurin:17-jre@sha256:ff10c54cd455c944bd10528393462c02e487dfdef00b779777d59c6cf31d91cf 0.1s done
#58 DONE 0.1s

#59 [notification-service internal] load build context
#59 transferring context: 94B 0.0s done
#59 DONE 0.1s

#60 [integration-service internal] load build context
#60 transferring context: 93B 0.0s done
#60 DONE 1.2s

#61 [integration-service 2/3] WORKDIR /app
#61 CACHED

#62 [api-gateway 3/3] COPY target/*.jar app.jar
#62 DONE 1.8s

#63 [api-gateway] exporting to image
#63 exporting layers 1.5s done
#63 writing image sha256:63a34a07a63632eef196519293eede54bedfcb89cf8a0f1b38c52a153845e3ee
#63 ...

#64 [user-kyc-service 3/3] COPY target/*.jar app.jar
#64 DONE 3.4s

#63 [api-gateway] exporting to image
#63 writing image sha256:63a34a07a63632eef196519293eede54bedfcb89cf8a0f1b38c52a153845e3ee 0.0s done
#63 naming to docker.io/local/api-gateway:latest 0.1s done
#63 ...

#65 [transaction-service 3/3] COPY target/*.jar app.jar
#65 DONE 4.3s

#63 [api-gateway] exporting to image
#63 DONE 2.6s

#66 [rewards-service 3/3] COPY target/*.jar app.jar
#66 DONE 4.3s

#54 [wallet-service 3/3] COPY target/*.jar app.jar
#54 DONE 4.3s

#67 [auth-service 3/3] COPY target/*.jar app.jar
#67 DONE 4.2s

#68 [wallet-service] exporting to image
#68 ...

#69 [admin-service 3/3] COPY target/*.jar app.jar
#69 DONE 4.4s

#68 [wallet-service] exporting to image
#68 ...

#70 [integration-service 3/3] COPY target/*.jar app.jar
#70 DONE 3.8s

#71 [api-gateway] resolving provenance for metadata file
#71 DONE 0.0s

#72 [notification-service 3/3] COPY target/*.jar app.jar
#72 DONE 3.9s

#73 [integration-service] exporting to image
#73 ...

#74 [user-kyc-service] exporting to image
#74 exporting layers 1.5s done
#74 writing image sha256:76b204cbe4ced9aa1d48c425e8c099302506165a11492b42799560b23538e477 0.1s done
#74 naming to docker.io/local/user-kyc-service:latest 0.1s done
#74 DONE 2.5s

#73 [integration-service] exporting to image
#73 exporting layers 0.7s done
#73 ...

#75 [transaction-service] exporting to image
#75 exporting layers 0.8s done
#75 writing image sha256:2f40186695b4faed5e6ea6170a19ff460a1e5b1ab932c551377187e2fe4cea45 0.4s done
#75 naming to docker.io/local/transaction-service:latest 0.2s done
#75 DONE 2.1s

#76 [frontend internal] load build definition from Dockerfile
#76 transferring dockerfile: 368B 0.0s done
#76 ...

#77 [auth-service] exporting to image
#77 exporting layers 0.8s done
#77 writing image sha256:e86bb08b9e768b53d1f981139bd3b8af58c34bf08be3b1e0d8e748d97d48ff96 0.6s done
#77 naming to docker.io/local/auth-service:latest 0.1s done
#77 DONE 2.2s

#78 [rewards-service] exporting to image
#78 exporting layers 1.1s done
#78 writing image sha256:06cf6c471943555c81f6dbf63606c307ccfc8a781d89dd429272ebfe3987b1ce 0.6s done
#78 naming to docker.io/local/rewards-service:latest 0.2s done
#78 DONE 2.5s

#68 [wallet-service] exporting to image
#68 exporting layers 1.1s done
#68 writing image sha256:4e3e0be2291c2e15798ccb88de1a0da0a84923668b4edb65dc2a16510df1058e 0.1s done
#68 naming to docker.io/local/wallet-service:latest 0.2s done
#68 DONE 2.4s

#79 [admin-service] exporting to image
#79 exporting layers 0.9s done
#79 writing image sha256:6200956374f7928046a5bce8578e681cc11b5bc73476fe207fa4950cc2c0312e 0.0s done
#79 naming to docker.io/local/admin-service:latest 0.1s done
#79 DONE 1.9s

#76 [frontend internal] load build definition from Dockerfile
#76 DONE 0.9s

#73 [integration-service] exporting to image
#73 writing image sha256:4d3d3dc124b86be4f42e8420996b49c64e8470f81422ef39cf8dda688c9a9063 0.0s done
#73 naming to docker.io/local/integration-service:latest
#73 naming to docker.io/local/integration-service:latest 0.0s done
#73 DONE 1.8s

#80 [notification-service] exporting to image
#80 exporting layers 0.6s done
#80 writing image sha256:e32e28c7e98bde685bdf7e87f5afda646d7625bbef9ee33fab926aafc4b2f46d 0.0s done
#80 naming to docker.io/local/notification-service:latest 0.0s done
#80 DONE 1.3s

#81 [frontend internal] load metadata for docker.io/library/nginx:1.27-alpine
#81 ...

#82 [frontend auth] library/nginx:pull token for registry-1.docker.io
#82 DONE 0.0s

#83 [frontend auth] library/node:pull token for registry-1.docker.io
#83 DONE 0.0s

#84 [auth-service] resolving provenance for metadata file
#84 DONE 0.1s

#85 [integration-service] resolving provenance for metadata file
#85 DONE 0.3s

#86 [admin-service] resolving provenance for metadata file
#86 DONE 0.5s

#87 [wallet-service] resolving provenance for metadata file
#87 DONE 0.2s

#88 [user-kyc-service] resolving provenance for metadata file
#88 DONE 0.6s

#89 [rewards-service] resolving provenance for metadata file
#89 DONE 0.4s

#90 [transaction-service] resolving provenance for metadata file
#90 DONE 0.7s

#91 [notification-service] resolving provenance for metadata file
#91 DONE 0.0s

#92 [frontend internal] load metadata for docker.io/library/node:20-alpine
#92 DONE 1.9s

#81 [frontend internal] load metadata for docker.io/library/nginx:1.27-alpine
#81 DONE 2.0s

#93 [frontend internal] load .dockerignore
#93 transferring context: 2B done
#93 DONE 0.0s

#94 [frontend build 1/6] FROM docker.io/library/node:20-alpine@sha256:b88333c42c23fbd91596ebd7fd10de239cedab9617de04142dde7315e3bc0afa
#94 DONE 0.0s

#95 [frontend build 2/6] WORKDIR /app
#95 CACHED

#96 [frontend stage-1 1/3] FROM docker.io/library/nginx:1.27-alpine@sha256:65645c7bb6a0661892a8b03b89d0743208a18dd2f3f17a54ef4b76fb8e2f2a10
#96 CACHED

#97 [frontend internal] load build context
#97 transferring context: 4.44MB 4.5s
#97 transferring context: 4.60MB 4.8s done
#97 DONE 5.4s

#98 [frontend build 3/6] COPY package*.json ./
#98 ...

#99 [frontend stage-1 2/3] COPY nginx.conf /etc/nginx/conf.d/default.conf
#99 DONE 0.2s

#98 [frontend build 3/6] COPY package*.json ./
#98 DONE 0.4s

#100 [frontend build 4/6] RUN npm install --legacy-peer-deps
#100 8.602 npm warn deprecated rimraf@3.0.2: Rimraf versions prior to v4 are no longer supported
#100 14.97 npm warn deprecated tar@6.2.1: Old versions of tar are not supported, and contain widely publicized security vulnerabilities, which have been fixed in the current version. Please update. Support for old versions may be purchased (at exorbitant rates) by contacting i@izs.me
#100 15.08 npm warn deprecated inflight@1.0.6: This module is not supported, and leaks memory. Do not use it. Check out lru-cache if you want a good and tested way to coalesce async requests by a key value, which is much more comprehensive and powerful.
#100 15.43 npm warn deprecated glob@7.2.3: Old versions of glob are not supported, and contain widely publicized security vulnerabilities, which have been fixed in the current version. Please update. Support for old versions may be purchased (at exorbitant rates) by contacting i@izs.me
#100 16.78 npm warn deprecated critters@0.0.24: Ownership of Critters has moved to the Nuxt team, who will be maintaining the project going forward. If you'd like to keep using Critters, please switch to the actively-maintained fork at https://github.com/danielroe/beasties
#100 26.06 npm warn deprecated glob@10.5.0: Old versions of glob are not supported, and contain widely publicized security vulnerabilities, which have been fixed in the current version. Please update. Support for old versions may be purchased (at exorbitant rates) by contacting i@izs.me
#100 26.09 npm warn deprecated glob@10.5.0: Old versions of glob are not supported, and contain widely publicized security vulnerabilities, which have been fixed in the current version. Please update. Support for old versions may be purchased (at exorbitant rates) by contacting i@izs.me
#100 26.36 npm warn deprecated glob@10.5.0: Old versions of glob are not supported, and contain widely publicized security vulnerabilities, which have been fixed in the current version. Please update. Support for old versions may be purchased (at exorbitant rates) by contacting i@izs.me
#100 43.28 
#100 43.28 added 982 packages, and audited 983 packages in 42s
#100 43.29 
#100 43.29 187 packages are looking for funding
#100 43.29   run `npm fund` for details
#100 43.90 
#100 43.90 34 vulnerabilities (5 low, 8 moderate, 20 high, 1 critical)
#100 43.90 
#100 43.90 To address issues that do not require attention, run:
#100 43.90   npm audit fix
#100 43.90 
#100 43.90 To address all issues (including breaking changes), run:
#100 43.90   npm audit fix --force
#100 43.90 
#100 43.90 Run `npm audit` for details.
#100 43.90 npm notice
#100 43.90 npm notice New major version of npm available! 10.8.2 -> 11.12.0
#100 43.90 npm notice Changelog: https://github.com/npm/cli/releases/tag/v11.12.0
#100 43.90 npm notice To update run: npm install -g npm@11.12.0
#100 43.90 npm notice
#100 DONE 49.3s

#101 [frontend build 5/6] COPY . .
#101 DONE 34.8s

#102 [frontend build 6/6] RUN npm run build
#102 0.681 
#102 0.681 > frontend@0.0.0 build
#102 0.681 > ng build
#102 0.681 
#102 1.936 Γ¥» Building...
#102 22.35 Γ£ö Building...
#102 22.36 Initial chunk files   | Names         |  Raw size | Estimated transfer size
#102 22.36 main-HGM276TF.js      | main          | 422.14 kB |                98.86 kB
#102 22.36 styles-K4FWJ7C6.css   | styles        | 266.07 kB |                27.43 kB
#102 22.36 polyfills-FFHMD2TL.js | polyfills     |  34.52 kB |                11.28 kB
#102 22.36 
#102 22.36                       | Initial total | 722.74 kB |               137.57 kB
#102 22.36 
#102 22.36 Application bundle generation complete. [20.412 seconds]
#102 22.36 
#102 22.37 Γû▓ [WARNING] bundle initial exceeded maximum budget. Budget 512.00 kB was not met by 210.74 kB with a total of 722.74 kB.
#102 22.37 
#102 22.37 
#102 22.37 Γû▓ [WARNING] 1 rules skipped due to selector errors:
#102 22.37   .form-floating>~label -> Did not expect successive traversals.
#102 22.37 
#102 22.37 
#102 22.38 Output location: /app/dist/frontend
#102 22.38 
#102 DONE 22.6s

#103 [frontend stage-1 3/3] COPY --from=build /app/dist/frontend/browser /usr/share/nginx/html
#103 DONE 0.5s

#104 [frontend] exporting to image
#104 exporting layers
#104 exporting layers 0.3s done
#104 writing image sha256:430a1aeaac38458dfc7442defacf301421798e03ae7c024521c3c5c60288b58f 0.0s done
#104 naming to docker.io/local/frontend:latest 0.1s done
#104 DONE 0.5s

#105 [frontend] resolving provenance for metadata file
#105 DONE 0.0s
docker-compose :  admin-service  Built
At line:1 char:127
+ ... yment_System_Capgemini"; docker-compose build --no-cache 2>&1 | Tee-O ...
+                              ~~~~~~~~~~~~~~~~~~~~~~~~~~~~~~~~~~~~
    + CategoryInfo          : NotSpecified: ( admin-service  Built:String) [], RemoteException
    + FullyQualifiedErrorId : NativeCommandError
 
 api-gateway  Built
 auth-service  Built
 config-server  Built
 eureka-server  Built
 frontend  Built
 integration-service  Built
 notification-service  Built
 rewards-service  Built
 transaction-service  Built
 user-kyc-service  Built
 wallet-postgres  Built
 wallet-rabbitmq  Built
 wallet-service  Built
